Archive member included to satisfy reference by file (symbol)

c:/program files (x86)/atmel/studio/7.0/toolchain/avr8/avr8-gnu-toolchain/bin/../lib/gcc/avr/5.4.0/../../../../avr/lib/avrxmega6\libm.a(divsf3.o)
                              src/main.o (__divsf3)
c:/program files (x86)/atmel/studio/7.0/toolchain/avr8/avr8-gnu-toolchain/bin/../lib/gcc/avr/5.4.0/../../../../avr/lib/avrxmega6\libm.a(divsf3x.o)
                              c:/program files (x86)/atmel/studio/7.0/toolchain/avr8/avr8-gnu-toolchain/bin/../lib/gcc/avr/5.4.0/../../../../avr/lib/avrxmega6\libm.a(divsf3.o) (__divsf3x)
c:/program files (x86)/atmel/studio/7.0/toolchain/avr8/avr8-gnu-toolchain/bin/../lib/gcc/avr/5.4.0/../../../../avr/lib/avrxmega6\libm.a(floatsisf.o)
                              src/main.o (__floatsisf)
c:/program files (x86)/atmel/studio/7.0/toolchain/avr8/avr8-gnu-toolchain/bin/../lib/gcc/avr/5.4.0/../../../../avr/lib/avrxmega6\libm.a(fp_inf.o)
                              c:/program files (x86)/atmel/studio/7.0/toolchain/avr8/avr8-gnu-toolchain/bin/../lib/gcc/avr/5.4.0/../../../../avr/lib/avrxmega6\libm.a(divsf3x.o) (__fp_inf)
c:/program files (x86)/atmel/studio/7.0/toolchain/avr8/avr8-gnu-toolchain/bin/../lib/gcc/avr/5.4.0/../../../../avr/lib/avrxmega6\libm.a(fp_nan.o)
                              c:/program files (x86)/atmel/studio/7.0/toolchain/avr8/avr8-gnu-toolchain/bin/../lib/gcc/avr/5.4.0/../../../../avr/lib/avrxmega6\libm.a(divsf3x.o) (__fp_nan)
c:/program files (x86)/atmel/studio/7.0/toolchain/avr8/avr8-gnu-toolchain/bin/../lib/gcc/avr/5.4.0/../../../../avr/lib/avrxmega6\libm.a(fp_pscA.o)
                              c:/program files (x86)/atmel/studio/7.0/toolchain/avr8/avr8-gnu-toolchain/bin/../lib/gcc/avr/5.4.0/../../../../avr/lib/avrxmega6\libm.a(divsf3x.o) (__fp_pscA)
c:/program files (x86)/atmel/studio/7.0/toolchain/avr8/avr8-gnu-toolchain/bin/../lib/gcc/avr/5.4.0/../../../../avr/lib/avrxmega6\libm.a(fp_pscB.o)
                              c:/program files (x86)/atmel/studio/7.0/toolchain/avr8/avr8-gnu-toolchain/bin/../lib/gcc/avr/5.4.0/../../../../avr/lib/avrxmega6\libm.a(divsf3x.o) (__fp_pscB)
c:/program files (x86)/atmel/studio/7.0/toolchain/avr8/avr8-gnu-toolchain/bin/../lib/gcc/avr/5.4.0/../../../../avr/lib/avrxmega6\libm.a(fp_round.o)
                              c:/program files (x86)/atmel/studio/7.0/toolchain/avr8/avr8-gnu-toolchain/bin/../lib/gcc/avr/5.4.0/../../../../avr/lib/avrxmega6\libm.a(divsf3.o) (__fp_round)
c:/program files (x86)/atmel/studio/7.0/toolchain/avr8/avr8-gnu-toolchain/bin/../lib/gcc/avr/5.4.0/../../../../avr/lib/avrxmega6\libm.a(fp_split3.o)
                              c:/program files (x86)/atmel/studio/7.0/toolchain/avr8/avr8-gnu-toolchain/bin/../lib/gcc/avr/5.4.0/../../../../avr/lib/avrxmega6\libm.a(divsf3x.o) (__fp_split3)
c:/program files (x86)/atmel/studio/7.0/toolchain/avr8/avr8-gnu-toolchain/bin/../lib/gcc/avr/5.4.0/../../../../avr/lib/avrxmega6\libm.a(fp_zero.o)
                              c:/program files (x86)/atmel/studio/7.0/toolchain/avr8/avr8-gnu-toolchain/bin/../lib/gcc/avr/5.4.0/../../../../avr/lib/avrxmega6\libm.a(divsf3x.o) (__fp_szero)
c:/program files (x86)/atmel/studio/7.0/toolchain/avr8/avr8-gnu-toolchain/bin/../lib/gcc/avr/5.4.0/../../../../avr/lib/avrxmega6\libm.a(gesf2.o)
                              src/main.o (__gtsf2)
c:/program files (x86)/atmel/studio/7.0/toolchain/avr8/avr8-gnu-toolchain/bin/../lib/gcc/avr/5.4.0/../../../../avr/lib/avrxmega6\libm.a(fp_cmp.o)
                              c:/program files (x86)/atmel/studio/7.0/toolchain/avr8/avr8-gnu-toolchain/bin/../lib/gcc/avr/5.4.0/../../../../avr/lib/avrxmega6\libm.a(gesf2.o) (__fp_cmp)
c:/program files (x86)/atmel/studio/7.0/toolchain/avr8/avr8-gnu-toolchain/bin/../lib/gcc/avr/5.4.0/../../../../avr/lib/avrxmega6\libprintf_flt.a(vfprintf_flt.o)
                              (vfprintf)
c:/program files (x86)/atmel/studio/7.0/toolchain/avr8/avr8-gnu-toolchain/bin/../lib/gcc/avr/5.4.0/avrxmega6\libgcc.a(_udivmodsi4.o)
                              src/ASF/xmega/drivers/usart/usart.o (__udivmodsi4)
c:/program files (x86)/atmel/studio/7.0/toolchain/avr8/avr8-gnu-toolchain/bin/../lib/gcc/avr/5.4.0/avrxmega6\libgcc.a(_exit.o)
                              C:/Program Files (x86)/Atmel/Studio/7.0/Packs/atmel/XMEGAA_DFP/1.1.68/gcc/dev/atxmega256a3bu/avrxmega6/crtatxmega256a3bu.o (exit)
c:/program files (x86)/atmel/studio/7.0/toolchain/avr8/avr8-gnu-toolchain/bin/../lib/gcc/avr/5.4.0/avrxmega6\libgcc.a(_copy_data.o)
                              src/ASF/common/services/sleepmgr/xmega/sleepmgr.o (__do_copy_data)
c:/program files (x86)/atmel/studio/7.0/toolchain/avr8/avr8-gnu-toolchain/bin/../lib/gcc/avr/5.4.0/avrxmega6\libgcc.a(_clear_bss.o)
                              src/ASF/common/services/gfx_mono/gfx_mono_c12832_a1z.o (__do_clear_bss)
c:/program files (x86)/atmel/studio/7.0/toolchain/avr8/avr8-gnu-toolchain/bin/../lib/gcc/avr/5.4.0/../../../../avr/lib/avrxmega6\libc.a(ftoa_engine.o)
[...]
Memory Configuration

Name             Origin             Length             Attributes
text             0x00000000         0x00100000         xr
data             0x00802000         0x0000ffa0         rw !x
eeprom           0x00810000         0x00010000         rw !x
fuse             0x00820000         0x00000006         rw !x
lock             0x00830000         0x00000400         rw !x
signature        0x00840000         0x00000400         rw !x
user_signatures  0x00850000         0x00000400         rw !x
*default*        0x00000000         0xffffffff

Linker script and memory map

LOAD C:/Program Files (x86)/Atmel/Studio/7.0/Packs/atmel/XMEGAA_DFP/1.1.68/gcc/dev/atxmega256a3bu/avrxmega6/crtatxmega256a3bu.o
LOAD src/ASF/common/components/display/st7565r/st7565r.o
LOAD src/ASF/common/services/gfx_mono/gfx_mono_c12832_a1z.o
LOAD src/ASF/common/services/serial/usart_serial.o
LOAD src/ASF/thirdparty/qtouch/generic/avr8/qtouch/common/qt_asm_xmega.o
LOAD src/ASF/xmega/drivers/adc/adc.o
LOAD src/ASF/xmega/drivers/tc/tc.o
LOAD src/ASF/xmega/drivers/adc/xmega_aau/adc_aau.o
LOAD src/ASF/common/services/sleepmgr/xmega/sleepmgr.o
LOAD src/ASF/xmega/drivers/usart/usart.o
LOAD src/ASF/common/services/spi/xmega_usart_spi/usart_spi.o
LOAD src/ASF/common/services/spi/xmega_spi/spi_master.o
LOAD src/ASF/common/services/gfx_mono/gfx_mono_framebuffer.o
LOAD src/ASF/common/services/gfx_mono/gfx_mono_generic.o
LOAD src/ASF/common/services/clock/xmega/sysclk.o
LOAD src/ASF/common/services/gfx_mono/gfx_mono_menu.o
LOAD src/ASF/xmega/drivers/nvm/nvm.o
LOAD src/ASF/xmega/drivers/spi/spi.o
LOAD src/ASF/xmega/drivers/nvm/nvm_asm.o
LOAD src/ASF/xmega/drivers/cpu/ccp.o
LOAD src/ASF/common/services/gfx_mono/gfx_mono_text.o
LOAD src/ASF/common/services/gfx_mono/sysfont.o
LOAD src/ASF/common/services/ioport/xmega/ioport_compat.o
LOAD src/ASF/xmega/boards/xmega_a3bu_xplained/init.o
LOAD src/main.o
START GROUP
LOAD ../src/ASF/thirdparty/qtouch/generic/avr8/qtouch/lib/gcc\libavrxmega6g1-4qt-k-0rs.a
LOAD c:/program files (x86)/atmel/studio/7.0/toolchain/avr8/avr8-gnu-toolchain/bin/../lib/gcc/avr/5.4.0/../../../../avr/lib/avrxmega6\libm.a
END GROUP
Address of section .BOOT set to 0x40000
LOAD c:/program files (x86)/atmel/studio/7.0/toolchain/avr8/avr8-gnu-toolchain/bin/../lib/gcc/avr/5.4.0/../../../../avr/lib/avrxmega6\libprintf_flt.a
START GROUP
LOAD c:/program files (x86)/atmel/studio/7.0/toolchain/avr8/avr8-gnu-toolchain/bin/../lib/gcc/avr/5.4.0/avrxmega6\libgcc.a
LOAD c:/program files (x86)/atmel/studio/7.0/toolchain/avr8/avr8-gnu-toolchain/bin/../lib/gcc/avr/5.4.0/../../../../avr/lib/avrxmega6\libm.a
LOAD c:/program files (x86)/atmel/studio/7.0/toolchain/avr8/avr8-gnu-toolchain/bin/../lib/gcc/avr/5.4.0/../../../../avr/lib/avrxmega6\libc.a
LOAD C:/Program Files (x86)/Atmel/Studio/7.0/Packs/atmel/XMEGAA_DFP/1.1.68/gcc/dev/atxmega256a3bu/avrxmega6\libatxmega256a3bu.a
END GROUP
                0x00000000                __TEXT_REGION_ORIGIN__ = DEFINED (__TEXT_REGION_ORIGIN__)?__TEXT_REGION_ORIGIN__:0x0
                0x00802000                __DATA_REGION_ORIGIN__ = DEFINED (__DATA_REGION_ORIGIN__)?__DATA_REGION_ORIGIN__:0x802000
                0x00100000                __TEXT_REGION_LENGTH__ = DEFINED (__TEXT_REGION_LENGTH__)?__TEXT_REGION_LENGTH__:0x100000
                0x0000ffa0                __DATA_REGION_LENGTH__ = DEFINED (__DATA_REGION_LENGTH__)?__DATA_REGION_LENGTH__:0xffa0
                0x00010000                __EEPROM_REGION_LENGTH__ = DEFINED (__EEPROM_REGION_LENGTH__)?__EEPROM_REGION_LENGTH__:0x10000
                [0x00000006]                __FUSE_REGION_LENGTH__ = DEFINED (__FUSE_REGION_LENGTH__)?__FUSE_REGION_LENGTH__:0x400
                0x00000400                __LOCK_REGION_LENGTH__ = DEFINED (__LOCK_REGION_LENGTH__)?__LOCK_REGION_LENGTH__:0x400
                0x00000400                __SIGNATURE_REGION_LENGTH__ = DEFINED (__SIGNATURE_REGION_LENGTH__)?__SIGNATURE_REGION_LENGTH__:0x400
                0x00000400                __USER_SIGNATURE_REGION_LENGTH__ = DEFINED (__USER_SIGNATURE_REGION_LENGTH__)?__USER_SIGNATURE_REGION_LENGTH__:0x400

.hash
 *(.hash)

.dynsym
 *(.dynsym)

.dynstr
 *(.dynstr)

.gnu.version
 *(.gnu.version)

.gnu.version_d
 *(.gnu.version_d)

.gnu.version_r
 *(.gnu.version_r)

.rel.init
 *(.rel.init)

.rela.init
 *(.rela.init)

.rel.text
 *(.rel.text)
 *(.rel.text.*)
 *(.rel.gnu.linkonce.t*)

.rela.text
 *(.rela.text)
 *(.rela.text.*)
 *(.rela.gnu.linkonce.t*)

.rel.fini
 *(.rel.fini)

.rela.fini
 *(.rela.fini)

.rel.rodata
 *(.rel.rodata)
 *(.rel.rodata.*)
 *(.rel.gnu.linkonce.r*)

.rela.rodata
 *(.rela.rodata)
 *(.rela.rodata.*)
 *(.rela.gnu.linkonce.r*)

.rel.data
 *(.rel.data)
 *(.rel.data.*)
 *(.rel.gnu.linkonce.d*)

.rela.data
 *(.rela.data)
 *(.rela.data.*)
 *(.rela.gnu.linkonce.d*)

.rel.ctors
 *(.rel.ctors)

.rela.ctors
 *(.rela.ctors)

.rel.dtors
 *(.rel.dtors)

.rela.dtors
 *(.rela.dtors)

.rel.got
 *(.rel.got)

.rela.got
 *(.rela.got)

.rel.bss
 *(.rel.bss)

.rela.bss
 *(.rela.bss)

.rel.plt
 *(.rel.plt)

.rela.plt
 *(.rela.plt)

.text           0x00000000     0x36fa
 *(.vectors)
 .vectors       0x00000000      0x1fc C:/Program Files (x86)/Atmel/Studio/7.0/Packs/atmel/XMEGAA_DFP/1.1.68/gcc/dev/atxmega256a3bu/avrxmega6/crtatxmega256a3bu.o
                0x00000000                __vector_default
                0x00000000                __vectors
 *(.vectors)
 *(.progmem.gcc*)
                0x000001fc                . = ALIGN (0x2)
                0x000001fc                __trampolines_start = .
 *(.trampolines)
 .trampolines   0x000001fc        0x0 linker stubs
 *(.trampolines*)
                0x000001fc                __trampolines_end = .
 *libprintf_flt.a:*(.progmem.data)
 .progmem.data  0x000001fc        0x8 c:/program files (x86)/atmel/studio/7.0/toolchain/avr8/avr8-gnu-toolchain/bin/../lib/gcc/avr/5.4.0/../../../../avr/lib/avrxmega6\libprintf_flt.a(vfprintf_flt.o)
 *libc.a:*(.progmem.data)
 .progmem.data  0x00000204       0xfa c:/program files (x86)/atmel/studio/7.0/toolchain/avr8/avr8-gnu-toolchain/bin/../lib/gcc/avr/5.4.0/../../../../avr/lib/avrxmega6\libc.a(ftoa_engine.o)
 *(.progmem*)
 .progmem.data.sysfont_glyphs
                0x000002fe      0x292 src/ASF/common/services/gfx_mono/sysfont.o
                0x00000590                . = ALIGN (0x2)
 *(.jumptables)
 *(.jumptables*)
 *(.lowtext)
 *(.lowtext*)
                0x00000590                __ctors_start = .
 *(.ctors)
                0x00000590                __ctors_end = .
                0x00000590                __dtors_start = .
 *(.dtors)
                0x00000590                __dtors_end = .
 SORT(*)(.ctors)
 SORT(*)(.dtors)
 *(.init0)
 .init0         0x00000590        0x0 C:/Program Files (x86)/Atmel/Studio/7.0/Packs/atmel/XMEGAA_DFP/1.1.68/gcc/dev/atxmega256a3bu/avrxmega6/crtatxmega256a3bu.o
                0x00000590                __init
 *(.init0)
 *(.init1)
 *(.init1)
 *(.init2)
 .init2         0x00000590       0x10 C:/Program Files (x86)/Atmel/Studio/7.0/Packs/atmel/XMEGAA_DFP/1.1.68/gcc/dev/atxmega256a3bu/avrxmega6/crtatxmega256a3bu.o
 *(.init2)
 *(.init3)
 *(.init3)
 *(.init4)
 .init4         0x000005a0       0x1a c:/program files (x86)/atmel/studio/7.0/toolchain/avr8/avr8-gnu-toolchain/bin/../lib/gcc/avr/5.4.0/avrxmega6\libgcc.a(_copy_data.o)
                0x000005a0                __do_copy_data
 .init4         0x000005ba       0x10 c:/program files (x86)/atmel/studio/7.0/toolchain/avr8/avr8-gnu-toolchain/bin/../lib/gcc/avr/5.4.0/avrxmega6\libgcc.a(_clear_bss.o)
                0x000005ba                __do_clear_bss
 *(.init4)
 *(.init5)
 *(.init5)
 *(.init6)
 *(.init6)
 *(.init7)
 *(.init7)
 *(.init8)
 *(.init8)
 *(.init9)
 .init9         0x000005ca        0x8 C:/Program Files (x86)/Atmel/Studio/7.0/Packs/atmel/XMEGAA_DFP/1.1.68/gcc/dev/atxmega256a3bu/avrxmega6/crtatxmega256a3bu.o
 *(.init9)
 *(.text)
 .text          0x000005d2        0x2 C:/Program Files (x86)/Atmel/Studio/7.0/Packs/atmel/XMEGAA_DFP/1.1.68/gcc/dev/atxmega256a3bu/avrxmega6/crtatxmega256a3bu.o
                0x000005d2                __vector_38
                0x000005d2                __vector_104
                0x000005d2                __vector_63
                0x000005d2                __vector_28
                0x000005d2                __vector_67
                0x000005d2                __vector_1
                0x000005d2                __vector_119
                0x000005d2                __vector_32
                0x000005d2                __vector_75
                0x000005d2                __vector_91
                0x000005d2                __vector_34
                0x000005d2                __vector_62
                0x000005d2                __vector_102
                0x000005d2                __vector_24
                0x000005d2                __vector_12
                0x000005d2                __vector_69
                0x000005d2                __vector_90
                0x000005d2                __vector_46
                0x000005d2                __bad_interrupt
                0x000005d2                __vector_122
                0x000005d2                __vector_114
                0x000005d2                __vector_6
                0x000005d2                __vector_31
                0x000005d2                __vector_92
                0x000005d2                __vector_35
                0x000005d2                __vector_117
                0x000005d2                __vector_107
                0x000005d2                __vector_3
                0x000005d2                __vector_105
                0x000005d2                __vector_98
                0x000005d2                __vector_68
                0x000005d2                __vector_30
                0x000005d2                __vector_45
                0x000005d2                __vector_25
                0x000005d2                __vector_93
                0x000005d2                __vector_61
                0x000005d2                __vector_11
                0x000005d2                __vector_99
                0x000005d2                __vector_13
                0x000005d2                __vector_7
                0x000005d2                __vector_125
                0x000005d2                __vector_123
                0x000005d2                __vector_100
                0x000005d2                __vector_101
                0x000005d2                __vector_64
                0x000005d2                __vector_88
                0x000005d2                __vector_43
                0x000005d2                __vector_27
                0x000005d2                __vector_5
                0x000005d2                __vector_33
                0x000005d2                __vector_76
                0x000005d2                __vector_115
                0x000005d2                __vector_37
                0x000005d2                __vector_95
                0x000005d2                __vector_103
                0x000005d2                __vector_96
                0x000005d2                __vector_89
                0x000005d2                __vector_4
                0x000005d2                __vector_44
                0x000005d2                __vector_106
                0x000005d2                __vector_118
                0x000005d2                __vector_9
                0x000005d2                __vector_2
                0x000005d2                __vector_66
                0x000005d2                __vector_36
                0x000005d2                __vector_58
                0x000005d2                __vector_70
                0x000005d2                __vector_29
                0x000005d2                __vector_60
                0x000005d2                __vector_121
                0x000005d2                __vector_94
                0x000005d2                __vector_126
                0x000005d2                __vector_8
                0x000005d2                __vector_26
                0x000005d2                __vector_124
                0x000005d2                __vector_116
                0x000005d2                __vector_57
                0x000005d2                __vector_10
                0x000005d2                __vector_59
                0x000005d2                __vector_97
                0x000005d2                __vector_87
                0x000005d2                __vector_65
                0x000005d2                __vector_120
                0x000005d4                . = ALIGN (0x2)
 *(.text.*)
 .text.__portable_avr_delay_cycles
                0x000005d4       0x16 src/ASF/common/components/display/st7565r/st7565r.o
 .text.st7565r_init
                0x000005ea      0x3b8 src/ASF/common/components/display/st7565r/st7565r.o
                0x000005ea                st7565r_init
 .text.gfx_mono_st7565r_put_byte
                0x000009a2      0x160 src/ASF/common/services/gfx_mono/gfx_mono_c12832_a1z.o
                0x000009a2                gfx_mono_st7565r_put_byte
 .text.gfx_mono_st7565r_init
                0x00000b02       0x8a src/ASF/common/services/gfx_mono/gfx_mono_c12832_a1z.o
                0x00000b02                gfx_mono_st7565r_init
 .text.gfx_mono_st7565r_draw_pixel
                0x00000b8c       0x6e src/ASF/common/services/gfx_mono/gfx_mono_c12832_a1z.o
                0x00000b8c                gfx_mono_st7565r_draw_pixel
 .text.gfx_mono_st7565r_get_byte
                0x00000bfa        0x6 src/ASF/common/services/gfx_mono/gfx_mono_c12832_a1z.o
                0x00000bfa                gfx_mono_st7565r_get_byte
 .text.__vector_14
                0x00000c00       0x5a src/ASF/xmega/drivers/tc/tc.o
                0x00000c00                __vector_14
 .text.__vector_15
                0x00000c5a       0x5a src/ASF/xmega/drivers/tc/tc.o
                0x00000c5a                __vector_15
 .text.__vector_16
                0x00000cb4       0x5a src/ASF/xmega/drivers/tc/tc.o
                0x00000cb4                __vector_16
 .text.__vector_17
                0x00000d0e       0x5a src/ASF/xmega/drivers/tc/tc.o
                0x00000d0e                __vector_17
 .text.__vector_18
                0x00000d68       0x5a src/ASF/xmega/drivers/tc/tc.o
                0x00000d68                __vector_18
 .text.__vector_19
                0x00000dc2       0x5a src/ASF/xmega/drivers/tc/tc.o
                0x00000dc2                __vector_19
 .text.__vector_20
                0x00000e1c       0x5a src/ASF/xmega/drivers/tc/tc.o
                0x00000e1c                __vector_20
 .text.__vector_21
                0x00000e76       0x5a src/ASF/xmega/drivers/tc/tc.o
                0x00000e76                __vector_21
 .text.__vector_22
                0x00000ed0       0x5a src/ASF/xmega/drivers/tc/tc.o
                0x00000ed0                __vector_22
 .text.__vector_23
                0x00000f2a       0x5a src/ASF/xmega/drivers/tc/tc.o
                0x00000f2a                __vector_23
 .text.__vector_77
                0x00000f84       0x5a src/ASF/xmega/drivers/tc/tc.o
                0x00000f84                __vector_77
 .text.__vector_78
                0x00000fde       0x5a src/ASF/xmega/drivers/tc/tc.o
                0x00000fde                __vector_78
 .text.__vector_79
                0x00001038       0x5a src/ASF/xmega/drivers/tc/tc.o
                0x00001038                __vector_79
 .text.__vector_80
                0x00001092       0x5a src/ASF/xmega/drivers/tc/tc.o
                0x00001092                __vector_80
 .text.__vector_81
                0x000010ec       0x5a src/ASF/xmega/drivers/tc/tc.o
                0x000010ec                __vector_81
 .text.__vector_82
                0x00001146       0x5a src/ASF/xmega/drivers/tc/tc.o
                0x00001146                __vector_82
 .text.__vector_83
                0x000011a0       0x5a src/ASF/xmega/drivers/tc/tc.o
                0x000011a0                __vector_83
 .text.__vector_84
                0x000011fa       0x5a src/ASF/xmega/drivers/tc/tc.o
                0x000011fa                __vector_84
 .text.__vector_85
                0x00001254       0x5a src/ASF/xmega/drivers/tc/tc.o
                0x00001254                __vector_85
 .text.__vector_86
                0x000012ae       0x5a src/ASF/xmega/drivers/tc/tc.o
                0x000012ae                __vector_86
 .text.__vector_47
                0x00001308       0x5a src/ASF/xmega/drivers/tc/tc.o
                0x00001308                __vector_47
 .text.__vector_48
                0x00001362       0x5a src/ASF/xmega/drivers/tc/tc.o
                0x00001362                __vector_48
 .text.__vector_49
                0x000013bc       0x5a src/ASF/xmega/drivers/tc/tc.o
                0x000013bc                __vector_49
 .text.__vector_50
                0x00001416       0x5a src/ASF/xmega/drivers/tc/tc.o
                0x00001416                __vector_50
 .text.__vector_51
                0x00001470       0x5a src/ASF/xmega/drivers/tc/tc.o
                0x00001470                __vector_51
 .text.__vector_52
                0x000014ca       0x5a src/ASF/xmega/drivers/tc/tc.o
                0x000014ca                __vector_52
 .text.__vector_53
                0x00001524       0x5a src/ASF/xmega/drivers/tc/tc.o
                0x00001524                __vector_53
 .text.__vector_54
                0x0000157e       0x5a src/ASF/xmega/drivers/tc/tc.o
                0x0000157e                __vector_54
 .text.__vector_55
                0x000015d8       0x5a src/ASF/xmega/drivers/tc/tc.o
                0x000015d8                __vector_55
 .text.__vector_56
                0x00001632       0x5a src/ASF/xmega/drivers/tc/tc.o
                0x00001632                __vector_56
 .text.__vector_108
                0x0000168c       0x5a src/ASF/xmega/drivers/tc/tc.o
                0x0000168c                __vector_108
 .text.__vector_109
                0x000016e6       0x5a src/ASF/xmega/drivers/tc/tc.o
                0x000016e6                __vector_109
 .text.__vector_110
                0x00001740       0x5a src/ASF/xmega/drivers/tc/tc.o
                0x00001740                __vector_110
 .text.__vector_111
                0x0000179a       0x5a src/ASF/xmega/drivers/tc/tc.o
                0x0000179a                __vector_111
 .text.__vector_112
                0x000017f4       0x5a src/ASF/xmega/drivers/tc/tc.o
                0x000017f4                __vector_112
 .text.__vector_113
                0x0000184e       0x5a src/ASF/xmega/drivers/tc/tc.o
                0x0000184e                __vector_113
 .text.tc_enable
                0x000018a8       0xe2 src/ASF/xmega/drivers/tc/tc.o
                0x000018a8                tc_enable
 .text.tc_set_overflow_interrupt_callback
                0x0000198a       0x7c src/ASF/xmega/drivers/tc/tc.o
                0x0000198a                tc_set_overflow_interrupt_callback
 .text.__vector_71
                0x00001a06       0x64 src/ASF/xmega/drivers/adc/xmega_aau/adc_aau.o
                0x00001a06                __vector_71
 .text.__vector_72
                0x00001a6a       0x64 src/ASF/xmega/drivers/adc/xmega_aau/adc_aau.o
                0x00001a6a                __vector_72
 .text.__vector_73
                0x00001ace       0x64 src/ASF/xmega/drivers/adc/xmega_aau/adc_aau.o
                0x00001ace                __vector_73
 .text.__vector_74
                0x00001b32       0x64 src/ASF/xmega/drivers/adc/xmega_aau/adc_aau.o
                0x00001b32                __vector_74
 .text.__vector_39
                0x00001b96       0x64 src/ASF/xmega/drivers/adc/xmega_aau/adc_aau.o
                0x00001b96                __vector_39
 .text.__vector_40
                0x00001bfa       0x64 src/ASF/xmega/drivers/adc/xmega_aau/adc_aau.o
                0x00001bfa                __vector_40
 .text.__vector_41
                0x00001c5e       0x64 src/ASF/xmega/drivers/adc/xmega_aau/adc_aau.o
                0x00001c5e                __vector_41
 .text.__vector_42
                0x00001cc2       0x64 src/ASF/xmega/drivers/adc/xmega_aau/adc_aau.o
                0x00001cc2                __vector_42
 .text.usart_spi_set_baudrate
                0x00001d26       0x64 src/ASF/xmega/drivers/usart/usart.o
                0x00001d26                usart_spi_set_baudrate
 .text.usart_init_spi
                0x00001d8a      0x3c8 src/ASF/xmega/drivers/usart/usart.o
                0x00001d8a                usart_init_spi
 .text.usart_spi_init
                0x00002152       0x5e src/ASF/common/services/spi/xmega_usart_spi/usart_spi.o
                0x00002152                usart_spi_init
 .text.usart_spi_setup_device
                0x000021b0       0x34 src/ASF/common/services/spi/xmega_usart_spi/usart_spi.o
                0x000021b0                usart_spi_setup_device
 .text.usart_spi_select_device
                0x000021e4       0x2c src/ASF/common/services/spi/xmega_usart_spi/usart_spi.o
                0x000021e4                usart_spi_select_device
 .text.usart_spi_deselect_device
                0x00002210       0x2c src/ASF/common/services/spi/xmega_usart_spi/usart_spi.o
                0x00002210                usart_spi_deselect_device
 .text.gfx_mono_set_framebuffer
                0x0000223c        0xa src/ASF/common/services/gfx_mono/gfx_mono_framebuffer.o
                0x0000223c                gfx_mono_set_framebuffer
 .text.gfx_mono_framebuffer_put_byte
                0x00002246       0x1c src/ASF/common/services/gfx_mono/gfx_mono_framebuffer.o
                0x00002246                gfx_mono_framebuffer_put_byte
 .text.gfx_mono_framebuffer_get_byte
                0x00002262       0x1c src/ASF/common/services/gfx_mono/gfx_mono_framebuffer.o
                0x00002262                gfx_mono_framebuffer_get_byte
 .text.gfx_mono_generic_draw_horizontal_line
                0x0000227e       0xd0 src/ASF/common/services/gfx_mono/gfx_mono_generic.o
                0x0000227e                gfx_mono_generic_draw_horizontal_line
 .text.gfx_mono_generic_draw_filled_rect
                0x0000234e       0x34 src/ASF/common/services/gfx_mono/gfx_mono_generic.o
                0x0000234e                gfx_mono_generic_draw_filled_rect
 .text.sysclk_init
                0x00002382       0x20 src/ASF/common/services/clock/xmega/sysclk.o
                0x00002382                sysclk_init
 .text.sysclk_enable_module
                0x000023a2       0x2c src/ASF/common/services/clock/xmega/sysclk.o
                0x000023a2                sysclk_enable_module
 .text.gfx_mono_draw_char
                0x000023ce       0xbc src/ASF/common/services/gfx_mono/gfx_mono_text.o
                0x000023ce                gfx_mono_draw_char
 .text.gfx_mono_draw_string
                0x0000248a       0x52 src/ASF/common/services/gfx_mono/gfx_mono_text.o
                0x0000248a                gfx_mono_draw_string
 .text.ioport_configure_port_pin
                0x000024dc       0x4e src/ASF/common/services/ioport/xmega/ioport_compat.o
                0x000024dc                ioport_configure_port_pin
 .text.board_init
                0x0000252a      0x13a src/ASF/xmega/boards/xmega_a3bu_xplained/init.o
                0x0000252a                board_init
 .text.__portable_avr_delay_cycles
                0x00002664       0x16 src/main.o
 .text.increase
                0x0000267a       0x14 src/main.o
                0x0000267a                increase
 .text.setup_timer
                0x0000268e       0x38 src/main.o
                0x0000268e                setup_timer
 .text.toggleBuzzer
                0x000026c6       0x22 src/main.o
                0x000026c6                toggleBuzzer
 .text.toggleWarning
                0x000026e8       0x1a src/main.o
                0x000026e8                toggleWarning
 .text.emit1    0x00002702       0x2e src/main.o
                0x00002702                emit1
 .text.emit2    0x00002730       0x2e src/main.o
                0x00002730                emit2
 .text.listen1  0x0000275e       0x10 src/main.o
                0x0000275e                listen1
 .text.listen2  0x0000276e       0x10 src/main.o
                0x0000276e                listen2
 .text.main     0x0000277e      0x276 src/main.o
                0x0000277e                main
 .text.avr-libc.fplib
                0x000029f4        0x4 c:/program files (x86)/atmel/studio/7.0/toolchain/avr8/avr8-gnu-toolchain/bin/../lib/gcc/avr/5.4.0/../../../../avr/lib/avrxmega6\libm.a(divsf3.o)
                0x000029f4                __divsf3
 .text.avr-libc.fplib
                0x000029f8       0xcc c:/program files (x86)/atmel/studio/7.0/toolchain/avr8/avr8-gnu-toolchain/bin/../lib/gcc/avr/5.4.0/../../../../avr/lib/avrxmega6\libm.a(divsf3x.o)
                0x00002a0e                __divsf3x
                0x00002a12                __divsf3_pse
 .text.avr-libc.fplib
                0x00002ac4       0x7a c:/program files (x86)/atmel/studio/7.0/toolchain/avr8/avr8-gnu-toolchain/bin/../lib/gcc/avr/5.4.0/../../../../avr/lib/avrxmega6\libm.a(floatsisf.o)
                0x00002ac4                __floatunsisf
                0x00002ac8                __floatsisf
 .text.avr-libc.fplib
                0x00002b3e        0xc c:/program files (x86)/atmel/studio/7.0/toolchain/avr8/avr8-gnu-toolchain/bin/../lib/gcc/avr/5.4.0/../../../../avr/lib/avrxmega6\libm.a(fp_inf.o)
                0x00002b3e                __fp_inf
 .text.avr-libc.fplib
                0x00002b4a        0x6 c:/program files (x86)/atmel/studio/7.0/toolchain/avr8/avr8-gnu-toolchain/bin/../lib/gcc/avr/5.4.0/../../../../avr/lib/avrxmega6\libm.a(fp_nan.o)
                0x00002b4a                __fp_nan
 .text.avr-libc.fplib
                0x00002b50        0xe c:/program files (x86)/atmel/studio/7.0/toolchain/avr8/avr8-gnu-toolchain/bin/../lib/gcc/avr/5.4.0/../../../../avr/lib/avrxmega6\libm.a(fp_pscA.o)
                0x00002b50                __fp_pscA
 .text.avr-libc.fplib
                0x00002b5e        0xe c:/program files (x86)/atmel/studio/7.0/toolchain/avr8/avr8-gnu-toolchain/bin/../lib/gcc/avr/5.4.0/../../../../avr/lib/avrxmega6\libm.a(fp_pscB.o)
                0x00002b5e                __fp_pscB
 .text.avr-libc.fplib
                0x00002b6c       0x22 c:/program files (x86)/atmel/studio/7.0/toolchain/avr8/avr8-gnu-toolchain/bin/../lib/gcc/avr/5.4.0/../../../../avr/lib/avrxmega6\libm.a(fp_round.o)
                0x00002b6c                __fp_round
 .text.avr-libc.fplib
                0x00002b8e       0x44 c:/program files (x86)/atmel/studio/7.0/toolchain/avr8/avr8-gnu-toolchain/bin/../lib/gcc/avr/5.4.0/../../../../avr/lib/avrxmega6\libm.a(fp_split3.o)
                0x00002b8e                __fp_split3
                0x00002b9e                __fp_splitA
 .text.avr-libc.fplib
                0x00002bd2        0xe c:/program files (x86)/atmel/studio/7.0/toolchain/avr8/avr8-gnu-toolchain/bin/../lib/gcc/avr/5.4.0/../../../../avr/lib/avrxmega6\libm.a(fp_zero.o)
                0x00002bd2                __fp_zero
                0x00002bd4                __fp_szero
 .text.avr-libc.fplib
                0x00002be0        0x8 c:/program files (x86)/atmel/studio/7.0/toolchain/avr8/avr8-gnu-toolchain/bin/../lib/gcc/avr/5.4.0/../../../../avr/lib/avrxmega6\libm.a(gesf2.o)
                0x00002be0                __gesf2
                0x00002be0                __gtsf2
 .text.avr-libc.fplib
                0x00002be8       0x48 c:/program files (x86)/atmel/studio/7.0/toolchain/avr8/avr8-gnu-toolchain/bin/../lib/gcc/avr/5.4.0/../../../../avr/lib/avrxmega6\libm.a(fp_cmp.o)
                0x00002be8                __fp_cmp
 .text.avr-libc
                0x00002c30      0x706 c:/program files (x86)/atmel/studio/7.0/toolchain/avr8/avr8-gnu-toolchain/bin/../lib/gcc/avr/5.4.0/../../../../avr/lib/avrxmega6\libprintf_flt.a(vfprintf_flt.o)
                0x00002c30                vfprintf
 .text.libgcc.div
                0x00003336       0x44 c:/program files (x86)/atmel/studio/7.0/toolchain/avr8/avr8-gnu-toolchain/bin/../lib/gcc/avr/5.4.0/avrxmega6\libgcc.a(_udivmodsi4.o)
                0x00003336                __udivmodsi4
 .text.avr-libc
                0x0000337a      0x1b0 c:/program files (x86)/atmel/studio/7.0/toolchain/avr8/avr8-gnu-toolchain/bin/../lib/gcc/avr/5.4.0/../../../../avr/lib/avrxmega6\libc.a(ftoa_engine.o)
                0x0000337a                __ftoa_engine
 .text.avr-libc
                0x0000352a       0x16 c:/program files (x86)/atmel/studio/7.0/toolchain/avr8/avr8-gnu-toolchain/bin/../lib/gcc/avr/5.4.0/../../../../avr/lib/avrxmega6\libc.a(strnlen_P.o)
                0x0000352a                strnlen_P
 .text.avr-libc
                0x00003540       0x16 c:/program files (x86)/atmel/studio/7.0/toolchain/avr8/avr8-gnu-toolchain/bin/../lib/gcc/avr/5.4.0/../../../../avr/lib/avrxmega6\libc.a(strnlen.o)
                0x00003540                strnlen
 .text.avr-libc
                0x00003556       0x78 c:/program files (x86)/atmel/studio/7.0/toolchain/avr8/avr8-gnu-toolchain/bin/../lib/gcc/avr/5.4.0/../../../../avr/lib/avrxmega6\libc.a(fputc.o)
                0x00003556                fputc
 .text.avr-libc
                0x000035ce       0x6c c:/program files (x86)/atmel/studio/7.0/toolchain/avr8/avr8-gnu-toolchain/bin/../lib/gcc/avr/5.4.0/../../../../avr/lib/avrxmega6\libc.a(snprintf.o)
                0x000035ce                snprintf
 .text.avr-libc
                0x0000363a       0xbc c:/program files (x86)/atmel/studio/7.0/toolchain/avr8/avr8-gnu-toolchain/bin/../lib/gcc/avr/5.4.0/../../../../avr/lib/avrxmega6\libc.a(ultoa_invert.o)
                0x0000363a                __ultoa_invert
                0x000036f6                . = ALIGN (0x2)
 *(.fini9)
 .fini9         0x000036f6        0x0 c:/program files (x86)/atmel/studio/7.0/toolchain/avr8/avr8-gnu-toolchain/bin/../lib/gcc/avr/5.4.0/avrxmega6\libgcc.a(_exit.o)
                0x000036f6                _exit
                0x000036f6                exit
 *(.fini9)
 *(.fini8)
 *(.fini8)
 *(.fini7)
 *(.fini7)
 *(.fini6)
 *(.fini6)
 *(.fini5)
 *(.fini5)
 *(.fini4)
 *(.fini4)
 *(.fini3)
 *(.fini3)
 *(.fini2)
 *(.fini2)
 *(.fini1)
 *(.fini1)
 *(.fini0)
 .fini0         0x000036f6        0x4 c:/program files (x86)/atmel/studio/7.0/toolchain/avr8/avr8-gnu-toolchain/bin/../lib/gcc/avr/5.4.0/avrxmega6\libgcc.a(_exit.o)
 *(.fini0)
                0x000036fa                _etext = .

.data           0x00802000       0x62 load address 0x000036fa
                0x00802000                PROVIDE (__data_start, .)
 *(.data)
 *(.data*)
 .data.sysfont  0x00802000        0x7 src/ASF/common/services/gfx_mono/sysfont.o
                0x00802000                sysfont
 .data.defaultDistance
                0x00802007        0x2 src/main.o
                0x00802007                defaultDistance
 *(.gnu.linkonce.d*)
 *(.rodata)
 *(.rodata*)
 .rodata.str1.1
                0x00802009       0x59 src/main.o
 *(.gnu.linkonce.r*)
                0x00802062                . = ALIGN (0x2)
                0x00802062                _edata = .
                0x00802062                PROVIDE (__data_end, .)

.bss            0x00802062      0x586
                0x00802062                PROVIDE (__bss_start, .)
 *(.bss)
 *(.bss*)
 .bss.framebuffer
                0x00802062      0x200 src/ASF/common/services/gfx_mono/gfx_mono_c12832_a1z.o
 .bss.tc_tcf0_ccd_callback
                0x00802262        0x2 src/ASF/xmega/drivers/tc/tc.o
 .bss.tc_tcf0_ccc_callback
                0x00802264        0x2 src/ASF/xmega/drivers/tc/tc.o
 .bss.tc_tcf0_ccb_callback
                0x00802266        0x2 src/ASF/xmega/drivers/tc/tc.o
 .bss.tc_tcf0_cca_callback
                0x00802268        0x2 src/ASF/xmega/drivers/tc/tc.o
 .bss.tc_tcf0_err_callback
                0x0080226a        0x2 src/ASF/xmega/drivers/tc/tc.o
 .bss.tc_tcf0_ovf_callback
                0x0080226c        0x2 src/ASF/xmega/drivers/tc/tc.o
 .bss.tc_tce1_ccb_callback
                0x0080226e        0x2 src/ASF/xmega/drivers/tc/tc.o
 .bss.tc_tce1_cca_callback
                0x00802270        0x2 src/ASF/xmega/drivers/tc/tc.o
 .bss.tc_tce1_err_callback
                0x00802272        0x2 src/ASF/xmega/drivers/tc/tc.o
 .bss.tc_tce1_ovf_callback
                0x00802274        0x2 src/ASF/xmega/drivers/tc/tc.o
 .bss.tc_tce0_ccd_callback
                0x00802276        0x2 src/ASF/xmega/drivers/tc/tc.o
 .bss.tc_tce0_ccc_callback
                0x00802278        0x2 src/ASF/xmega/drivers/tc/tc.o
 .bss.tc_tce0_ccb_callback
                0x0080227a        0x2 src/ASF/xmega/drivers/tc/tc.o
 .bss.tc_tce0_cca_callback
                0x0080227c        0x2 src/ASF/xmega/drivers/tc/tc.o
 .bss.tc_tce0_err_callback
                0x0080227e        0x2 src/ASF/xmega/drivers/tc/tc.o
 .bss.tc_tce0_ovf_callback
                0x00802280        0x2 src/ASF/xmega/drivers/tc/tc.o
 .bss.tc_tcd1_ccb_callback
                0x00802282        0x2 src/ASF/xmega/drivers/tc/tc.o
 .bss.tc_tcd1_cca_callback
                0x00802284        0x2 src/ASF/xmega/drivers/tc/tc.o
 .bss.tc_tcd1_err_callback
                0x00802286        0x2 src/ASF/xmega/drivers/tc/tc.o
 .bss.tc_tcd1_ovf_callback
                0x00802288        0x2 src/ASF/xmega/drivers/tc/tc.o
 .bss.tc_tcd0_ccd_callback
                0x0080228a        0x2 src/ASF/xmega/drivers/tc/tc.o
 .bss.tc_tcd0_ccc_callback
                0x0080228c        0x2 src/ASF/xmega/drivers/tc/tc.o
 .bss.tc_tcd0_ccb_callback
                0x0080228e        0x2 src/ASF/xmega/drivers/tc/tc.o
 .bss.tc_tcd0_cca_callback
                0x00802290        0x2 src/ASF/xmega/drivers/tc/tc.o
 .bss.tc_tcd0_err_callback
                0x00802292        0x2 src/ASF/xmega/drivers/tc/tc.o
 .bss.tc_tcd0_ovf_callback
                0x00802294        0x2 src/ASF/xmega/drivers/tc/tc.o
 .bss.tc_tcc1_ccb_callback
                0x00802296        0x2 src/ASF/xmega/drivers/tc/tc.o
 .bss.tc_tcc1_cca_callback
                0x00802298        0x2 src/ASF/xmega/drivers/tc/tc.o
 .bss.tc_tcc1_err_callback
                0x0080229a        0x2 src/ASF/xmega/drivers/tc/tc.o
 .bss.tc_tcc1_ovf_callback
                0x0080229c        0x2 src/ASF/xmega/drivers/tc/tc.o
 .bss.tc_tcc0_ccd_callback
                0x0080229e        0x2 src/ASF/xmega/drivers/tc/tc.o
 .bss.tc_tcc0_ccc_callback
                0x008022a0        0x2 src/ASF/xmega/drivers/tc/tc.o
 .bss.tc_tcc0_ccb_callback
                0x008022a2        0x2 src/ASF/xmega/drivers/tc/tc.o
 .bss.tc_tcc0_cca_callback
                0x008022a4        0x2 src/ASF/xmega/drivers/tc/tc.o
 .bss.tc_tcc0_err_callback
                0x008022a6        0x2 src/ASF/xmega/drivers/tc/tc.o
 .bss.tc_tcc0_ovf_callback
                0x008022a8        0x2 src/ASF/xmega/drivers/tc/tc.o
 .bss.fbpointer
                0x008022aa        0x2 src/ASF/common/services/gfx_mono/gfx_mono_framebuffer.o
 .bss.buffarrayStatus
                0x008022ac       0xc8 src/main.o
 .bss.buffarraySpeed
                0x00802374       0xc8 src/main.o
 .bss.buffarray2
                0x0080243c       0xc8 src/main.o
 .bss.buffarray1
                0x00802504       0xc8 src/main.o
 .bss.statusSpeed
                0x008025cc        0x2 src/main.o
                0x008025cc                statusSpeed
 .bss.speed     0x008025ce        0x4 src/main.o
                0x008025ce                speed
 .bss.timeCounter
                0x008025d2        0x2 src/main.o
                0x008025d2                timeCounter
 .bss.timeEnd   0x008025d4        0x2 src/main.o
                0x008025d4                timeEnd
 .bss.timeStart
                0x008025d6        0x2 src/main.o
                0x008025d6                timeStart
 .bss.distance2
                0x008025d8        0x2 src/main.o
                0x008025d8                distance2
 .bss.distance1
                0x008025da        0x2 src/main.o
                0x008025da                distance1
 .bss.ovf_cnt   0x008025dc        0x2 src/main.o
                0x008025dc                ovf_cnt
 *(COMMON)
 COMMON         0x008025de        0x4 src/ASF/xmega/drivers/adc/adc.o
                0x008025de                adcb_callback
                0x008025e0                adca_callback
 COMMON         0x008025e2        0x6 src/ASF/common/services/sleepmgr/xmega/sleepmgr.o
                0x008025e2                sleepmgr_locks
                0x008025e8                PROVIDE (__bss_end, .)
                0x000036fa                __data_load_start = LOADADDR (.data)
                0x0000375c                __data_load_end = (__data_load_start + SIZEOF (.data))

.noinit         0x008025e8        0x0
                [!provide]                PROVIDE (__noinit_start, .)
 *(.noinit*)
                [!provide]                PROVIDE (__noinit_end, .)
                0x008025e8                _end = .
                [!provide]                PROVIDE (__heap_start, .)

.eeprom         0x00810000        0x0
 *(.eeprom*)
                0x00810000                __eeprom_end = .

.fuse
 *(.fuse)
 *(.lfuse)
 *(.hfuse)
 *(.efuse)

.lock
 *(.lock*)

.signature
 *(.signature*)

.user_signatures
 *(.user_signatures*)

.stab
 *(.stab)

.stabstr
 *(.stabstr)

.stab.excl
 *(.stab.excl)

.stab.exclstr
 *(.stab.exclstr)

.stab.index
 *(.stab.index)

.stab.indexstr
 *(.stab.indexstr)

.comment        0x00000000       0x5c
 *(.comment)
 .comment       0x00000000       0x30 src/ASF/common/components/display/st7565r/st7565r.o
                                 0x31 (size before relaxing)
 .comment       0x00000030       0x31 src/ASF/common/services/gfx_mono/gfx_mono_c12832_a1z.o
 .comment       0x00000030       0x31 src/ASF/xmega/drivers/adc/adc.o
 .comment       0x00000030       0x31 src/ASF/xmega/drivers/tc/tc.o
 .comment       0x00000030       0x31 src/ASF/xmega/drivers/adc/xmega_aau/adc_aau.o
 .comment       0x00000030       0x31 src/ASF/common/services/sleepmgr/xmega/sleepmgr.o
 .comment       0x00000030       0x31 src/ASF/xmega/drivers/usart/usart.o
 .comment       0x00000030       0x31 src/ASF/common/services/spi/xmega_usart_spi/usart_spi.o
 .comment       0x00000030       0x31 src/ASF/common/services/gfx_mono/gfx_mono_framebuffer.o
 .comment       0x00000030       0x31 src/ASF/common/services/gfx_mono/gfx_mono_generic.o
 .comment       0x00000030       0x31 src/ASF/common/services/clock/xmega/sysclk.o
 .comment       0x00000030       0x31 src/ASF/common/services/gfx_mono/gfx_mono_text.o
 .comment       0x00000030       0x31 src/ASF/common/services/gfx_mono/sysfont.o
 .comment       0x00000030       0x31 src/ASF/common/services/ioport/xmega/ioport_compat.o
 .comment       0x00000030       0x31 src/ASF/xmega/boards/xmega_a3bu_xplained/init.o
 .comment       0x00000030       0x31 src/main.o
 .comment       0x00000030       0x2c c:/program files (x86)/atmel/studio/7.0/toolchain/avr8/avr8-gnu-toolchain/bin/../lib/gcc/avr/5.4.0/../../../../avr/lib/avrxmega6\libprintf_flt.a(vfprintf_flt.o)
                                 0x2d (size before relaxing)
 .comment       0x0000005c       0x31 c:/program files (x86)/atmel/studio/7.0/toolchain/avr8/avr8-gnu-toolchain/bin/../lib/gcc/avr/5.4.0/../../../../avr/lib/avrxmega6\libc.a(fputc.o)
 .comment       0x0000005c       0x31 c:/program files (x86)/atmel/studio/7.0/toolchain/avr8/avr8-gnu-toolchain/bin/../lib/gcc/avr/5.4.0/../../../../avr/lib/avrxmega6\libc.a(snprintf.o)

.note.gnu.avr.deviceinfo
                0x00000000       0x44
 .note.gnu.avr.deviceinfo
                0x00000000       0x44 C:/Program Files (x86)/Atmel/Studio/7.0/Packs/atmel/XMEGAA_DFP/1.1.68/gcc/dev/atxmega256a3bu/avrxmega6/crtatxmega256a3bu.o

.note.gnu.build-id
 *(.note.gnu.build-id)

.debug
 *(.debug)

.line
 *(.line)

.debug_srcinfo
 *(.debug_srcinfo)

.debug_sfnames
 *(.debug_sfnames)

.debug_aranges  0x00000000      0x570
 *(.debug_aranges)
 .debug_aranges
                0x00000000       0x28 src/ASF/common/components/display/st7565r/st7565r.o
 .debug_aranges
                0x00000028       0x60 src/ASF/common/services/gfx_mono/gfx_mono_c12832_a1z.o
 .debug_aranges
                0x00000088       0x48 src/ASF/xmega/drivers/adc/adc.o
 .debug_aranges
                0x000000d0      0x178 src/ASF/xmega/drivers/tc/tc.o
 .debug_aranges
                0x00000248       0x78 src/ASF/xmega/drivers/adc/xmega_aau/adc_aau.o
 .debug_aranges
                0x000002c0       0x18 src/ASF/common/services/sleepmgr/xmega/sleepmgr.o
 .debug_aranges
                0x000002d8       0x58 src/ASF/xmega/drivers/usart/usart.o
 .debug_aranges
                0x00000330       0x48 src/ASF/common/services/spi/xmega_usart_spi/usart_spi.o
 .debug_aranges
                0x00000378       0x58 src/ASF/common/services/gfx_mono/gfx_mono_framebuffer.o
 .debug_aranges
                0x000003d0       0x58 src/ASF/common/services/gfx_mono/gfx_mono_generic.o
 .debug_aranges
                0x00000428       0x40 src/ASF/common/services/clock/xmega/sysclk.o
 .debug_aranges
                0x00000468       0x40 src/ASF/common/services/gfx_mono/gfx_mono_text.o
 .debug_aranges
                0x000004a8       0x18 src/ASF/common/services/gfx_mono/sysfont.o
 .debug_aranges
                0x000004c0       0x20 src/ASF/common/services/ioport/xmega/ioport_compat.o
 .debug_aranges
                0x000004e0       0x20 src/ASF/xmega/boards/xmega_a3bu_xplained/init.o
 .debug_aranges
                0x00000500       0x70 src/main.o

.debug_pubnames
 *(.debug_pubnames)

.debug_info     0x00000000    0x1189d
 *(.debug_info .gnu.linkonce.wi.*)
 .debug_info    0x00000000     0x3379 C:/Program Files (x86)/Atmel/Studio/7.0/Packs/atmel/XMEGAA_DFP/1.1.68/gcc/dev/atxmega256a3bu/avrxmega6/crtatxmega256a3bu.o
 .debug_info    0x00003379     0x1945 src/ASF/common/components/display/st7565r/st7565r.o
 .debug_info    0x00004cbe     0x1de2 src/ASF/common/services/gfx_mono/gfx_mono_c12832_a1z.o
 .debug_info    0x00006aa0      0xa8d src/ASF/xmega/drivers/adc/adc.o
 .debug_info    0x0000752d     0x1934 src/ASF/xmega/drivers/tc/tc.o
 .debug_info    0x00008e61      0xe98 src/ASF/xmega/drivers/adc/xmega_aau/adc_aau.o
 .debug_info    0x00009cf9      0x129 src/ASF/common/services/sleepmgr/xmega/sleepmgr.o
 .debug_info    0x00009e22     0x2ce0 src/ASF/xmega/drivers/usart/usart.o
 .debug_info    0x0000cb02      0xb7e src/ASF/common/services/spi/xmega_usart_spi/usart_spi.o
 .debug_info    0x0000d680      0x487 src/ASF/common/services/gfx_mono/gfx_mono_framebuffer.o
 .debug_info    0x0000db07      0xc0a src/ASF/common/services/gfx_mono/gfx_mono_generic.o
 .debug_info    0x0000e711      0x71c src/ASF/common/services/clock/xmega/sysclk.o
 .debug_info    0x0000ee2d      0x715 src/ASF/common/services/gfx_mono/gfx_mono_text.o
 .debug_info    0x0000f542      0x1af src/ASF/common/services/gfx_mono/sysfont.o
 .debug_info    0x0000f6f1      0x121 src/ASF/common/services/ioport/xmega/ioport_compat.o
 .debug_info    0x0000f812      0xaeb src/ASF/xmega/boards/xmega_a3bu_xplained/init.o
 .debug_info    0x000102fd     0x15a0 src/main.o

.debug_abbrev   0x00000000     0x5470
 *(.debug_abbrev)
 .debug_abbrev  0x00000000     0x30c4 C:/Program Files (x86)/Atmel/Studio/7.0/Packs/atmel/XMEGAA_DFP/1.1.68/gcc/dev/atxmega256a3bu/avrxmega6/crtatxmega256a3bu.o
 .debug_abbrev  0x000030c4      0x2a0 src/ASF/common/components/display/st7565r/st7565r.o
 .debug_abbrev  0x00003364      0x385 src/ASF/common/services/gfx_mono/gfx_mono_c12832_a1z.o
 .debug_abbrev  0x000036e9      0x2b4 src/ASF/xmega/drivers/adc/adc.o
 .debug_abbrev  0x0000399d      0x29b src/ASF/xmega/drivers/tc/tc.o
 .debug_abbrev  0x00003c38      0x320 src/ASF/xmega/drivers/adc/xmega_aau/adc_aau.o
 .debug_abbrev  0x00003f58       0x84 src/ASF/common/services/sleepmgr/xmega/sleepmgr.o
 .debug_abbrev  0x00003fdc      0x3f5 src/ASF/xmega/drivers/usart/usart.o
 .debug_abbrev  0x000043d1      0x2d8 src/ASF/common/services/spi/xmega_usart_spi/usart_spi.o
 .debug_abbrev  0x000046a9      0x174 src/ASF/common/services/gfx_mono/gfx_mono_framebuffer.o
 .debug_abbrev  0x0000481d      0x1ac src/ASF/common/services/gfx_mono/gfx_mono_generic.o
 .debug_abbrev  0x000049c9      0x218 src/ASF/common/services/clock/xmega/sysclk.o
 .debug_abbrev  0x00004be1      0x22b src/ASF/common/services/gfx_mono/gfx_mono_text.o
 .debug_abbrev  0x00004e0c       0xe2 src/ASF/common/services/gfx_mono/sysfont.o
 .debug_abbrev  0x00004eee       0x95 src/ASF/common/services/ioport/xmega/ioport_compat.o
 .debug_abbrev  0x00004f83      0x14a src/ASF/xmega/boards/xmega_a3bu_xplained/init.o
 .debug_abbrev  0x000050cd      0x3a3 src/main.o

.debug_line     0x00000000     0x9912
 *(.debug_line .debug_line.* .debug_line_end)
 .debug_line    0x00000000      0x39d C:/Program Files (x86)/Atmel/Studio/7.0/Packs/atmel/XMEGAA_DFP/1.1.68/gcc/dev/atxmega256a3bu/avrxmega6/crtatxmega256a3bu.o
 .debug_line    0x0000039d      0xac3 src/ASF/common/components/display/st7565r/st7565r.o
 .debug_line    0x00000e60      0xda7 src/ASF/common/services/gfx_mono/gfx_mono_c12832_a1z.o
 .debug_line    0x00001c07      0x7c5 src/ASF/xmega/drivers/adc/adc.o
 .debug_line    0x000023cc      0xed2 src/ASF/xmega/drivers/tc/tc.o
 .debug_line    0x0000329e      0x975 src/ASF/xmega/drivers/adc/xmega_aau/adc_aau.o
 .debug_line    0x00003c13      0x457 src/ASF/common/services/sleepmgr/xmega/sleepmgr.o
 .debug_line    0x0000406a      0xc9d src/ASF/xmega/drivers/usart/usart.o
 .debug_line    0x00004d07      0x7d6 src/ASF/common/services/spi/xmega_usart_spi/usart_spi.o
 .debug_line    0x000054dd      0x918 src/ASF/common/services/gfx_mono/gfx_mono_framebuffer.o
 .debug_line    0x00005df5      0xc04 src/ASF/common/services/gfx_mono/gfx_mono_generic.o
 .debug_line    0x000069f9      0x630 src/ASF/common/services/clock/xmega/sysclk.o
 .debug_line    0x00007029      0x9a2 src/ASF/common/services/gfx_mono/gfx_mono_text.o
 .debug_line    0x000079cb      0x7c2 src/ASF/common/services/gfx_mono/sysfont.o
 .debug_line    0x0000818d      0x4b4 src/ASF/common/services/ioport/xmega/ioport_compat.o
 .debug_line    0x00008641      0x4df src/ASF/xmega/boards/xmega_a3bu_xplained/init.o
 .debug_line    0x00008b20      0xdf2 src/main.o

.debug_frame    0x00000000     0x1be4
 *(.debug_frame)
 .debug_frame   0x00000000       0x68 src/ASF/common/components/display/st7565r/st7565r.o
 .debug_frame   0x00000068      0x1b4 src/ASF/common/services/gfx_mono/gfx_mono_c12832_a1z.o
 .debug_frame   0x0000021c       0xbc src/ASF/xmega/drivers/adc/adc.o
 .debug_frame   0x000002d8      0xd24 src/ASF/xmega/drivers/tc/tc.o
 .debug_frame   0x00000ffc      0x3e4 src/ASF/xmega/drivers/adc/xmega_aau/adc_aau.o
 .debug_frame   0x000013e0      0x14c src/ASF/xmega/drivers/usart/usart.o
 .debug_frame   0x0000152c       0x90 src/ASF/common/services/spi/xmega_usart_spi/usart_spi.o
 .debug_frame   0x000015bc       0xd0 src/ASF/common/services/gfx_mono/gfx_mono_framebuffer.o
 .debug_frame   0x0000168c      0x214 src/ASF/common/services/gfx_mono/gfx_mono_generic.o
 .debug_frame   0x000018a0       0x94 src/ASF/common/services/clock/xmega/sysclk.o
 .debug_frame   0x00001934      0x100 src/ASF/common/services/gfx_mono/gfx_mono_text.o
 .debug_frame   0x00001a34       0x30 src/ASF/common/services/ioport/xmega/ioport_compat.o
 .debug_frame   0x00001a64       0x24 src/ASF/xmega/boards/xmega_a3bu_xplained/init.o
 .debug_frame   0x00001a88      0x15c src/main.o

.debug_str      0x00000000    0x34a12
 *(.debug_str)
 .debug_str     0x00000000     0x21e4 C:/Program Files (x86)/Atmel/Studio/7.0/Packs/atmel/XMEGAA_DFP/1.1.68/gcc/dev/atxmega256a3bu/avrxmega6/crtatxmega256a3bu.o
 .debug_str     0x000021e4    0x2c6dc src/ASF/common/components/display/st7565r/st7565r.o
                              0x2cf40 (size before relaxing)
 .debug_str     0x0002e8c0      0xc05 src/ASF/common/services/gfx_mono/gfx_mono_c12832_a1z.o
                              0x2d841 (size before relaxing)
 .debug_str     0x0002f4c5      0xede src/ASF/xmega/drivers/adc/adc.o
                              0x2c732 (size before relaxing)
 .debug_str     0x000303a3      0x948 src/ASF/xmega/drivers/tc/tc.o
                              0x2c6f5 (size before relaxing)
 .debug_str     0x00030ceb      0x5c4 src/ASF/xmega/drivers/adc/xmega_aau/adc_aau.o
                              0x2c9c5 (size before relaxing)
 .debug_str     0x000312af       0x35 src/ASF/common/services/sleepmgr/xmega/sleepmgr.o
                              0x29707 (size before relaxing)
 .debug_str     0x000312e4      0x88a src/ASF/xmega/drivers/usart/usart.o
                              0x2d054 (size before relaxing)
 .debug_str     0x00031b6e       0x87 src/ASF/common/services/spi/xmega_usart_spi/usart_spi.o
                              0x2c515 (size before relaxing)
 .debug_str     0x00031bf5       0xba src/ASF/common/services/gfx_mono/gfx_mono_framebuffer.o
                              0x2d45c (size before relaxing)
 .debug_str     0x00031caf      0x213 src/ASF/common/services/gfx_mono/gfx_mono_generic.o
                              0x2d59f (size before relaxing)
 .debug_str     0x00031ec2      0x232 src/ASF/common/services/clock/xmega/sysclk.o
                              0x2bd1f (size before relaxing)
 .debug_str     0x000320f4      0x233 src/ASF/common/services/gfx_mono/gfx_mono_text.o
                              0x2d533 (size before relaxing)
 .debug_str     0x00032327     0x10b0 src/ASF/common/services/gfx_mono/sysfont.o
                              0x2e390 (size before relaxing)
 .debug_str     0x000333d7       0x77 src/ASF/common/services/ioport/xmega/ioport_compat.o
                              0x299be (size before relaxing)
 .debug_str     0x0003344e       0xf7 src/ASF/xmega/boards/xmega_a3bu_xplained/init.o
                              0x2b64d (size before relaxing)
 .debug_str     0x00033545     0x14cd src/main.o
                              0x30ad5 (size before relaxing)

.debug_loc      0x00000000     0x88ef
 *(.debug_loc)
 .debug_loc     0x00000000      0x7c9 src/ASF/common/components/display/st7565r/st7565r.o
 .debug_loc     0x000007c9     0x1382 src/ASF/common/services/gfx_mono/gfx_mono_c12832_a1z.o
 .debug_loc     0x00001b4b      0x2b3 src/ASF/xmega/drivers/adc/adc.o
 .debug_loc     0x00001dfe     0x1df6 src/ASF/xmega/drivers/tc/tc.o
 .debug_loc     0x00003bf4      0xd3c src/ASF/xmega/drivers/adc/xmega_aau/adc_aau.o
 .debug_loc     0x00004930      0xe14 src/ASF/xmega/drivers/usart/usart.o
 .debug_loc     0x00005744      0x56c src/ASF/common/services/spi/xmega_usart_spi/usart_spi.o
 .debug_loc     0x00005cb0      0x61c src/ASF/common/services/gfx_mono/gfx_mono_framebuffer.o
 .debug_loc     0x000062cc     0x11c5 src/ASF/common/services/gfx_mono/gfx_mono_generic.o
 .debug_loc     0x00007491      0x2c5 src/ASF/common/services/clock/xmega/sysclk.o
 .debug_loc     0x00007756      0x9a2 src/ASF/common/services/gfx_mono/gfx_mono_text.o
 .debug_loc     0x000080f8       0x66 src/ASF/common/services/ioport/xmega/ioport_compat.o
 .debug_loc     0x0000815e      0x3fa src/ASF/xmega/boards/xmega_a3bu_xplained/init.o
 .debug_loc     0x00008558      0x397 src/main.o

.debug_macinfo
 *(.debug_macinfo)

.debug_weaknames
 *(.debug_weaknames)

.debug_funcnames
 *(.debug_funcnames)

.debug_typenames
 *(.debug_typenames)

.debug_varnames
 *(.debug_varnames)

.debug_pubtypes
 *(.debug_pubtypes)

.debug_ranges   0x00000000      0x630
 *(.debug_ranges)
 .debug_ranges  0x00000000       0x18 src/ASF/common/components/display/st7565r/st7565r.o
 .debug_ranges  0x00000018      0x188 src/ASF/common/services/gfx_mono/gfx_mono_c12832_a1z.o
 .debug_ranges  0x000001a0       0x38 src/ASF/xmega/drivers/adc/adc.o
 .debug_ranges  0x000001d8      0x168 src/ASF/xmega/drivers/tc/tc.o
 .debug_ranges  0x00000340       0x68 src/ASF/xmega/drivers/adc/xmega_aau/adc_aau.o
 .debug_ranges  0x000003a8       0x80 src/ASF/xmega/drivers/usart/usart.o
 .debug_ranges  0x00000428       0x98 src/ASF/common/services/spi/xmega_usart_spi/usart_spi.o
 .debug_ranges  0x000004c0       0x48 src/ASF/common/services/gfx_mono/gfx_mono_framebuffer.o
 .debug_ranges  0x00000508       0x48 src/ASF/common/services/gfx_mono/gfx_mono_generic.o
 .debug_ranges  0x00000550       0x30 src/ASF/common/services/clock/xmega/sysclk.o
 .debug_ranges  0x00000580       0x30 src/ASF/common/services/gfx_mono/gfx_mono_text.o
 .debug_ranges  0x000005b0       0x10 src/ASF/common/services/ioport/xmega/ioport_compat.o
 .debug_ranges  0x000005c0       0x10 src/ASF/xmega/boards/xmega_a3bu_xplained/init.o
 .debug_ranges  0x000005d0       0x60 src/main.o

.debug_macro    0x00000000     0xc9d4
 *(.debug_macro)
 .debug_macro   0x00000000      0x276 src/ASF/common/components/display/st7565r/st7565r.o
 .debug_macro   0x00000276      0xacc src/ASF/common/components/display/st7565r/st7565r.o
 .debug_macro   0x00000d42       0x10 src/ASF/common/components/display/st7565r/st7565r.o
 .debug_macro   0x00000d52      0x1c9 src/ASF/common/components/display/st7565r/st7565r.o
 .debug_macro   0x00000f1b      0x2fc src/ASF/common/components/display/st7565r/st7565r.o
 .debug_macro   0x00001217       0x9e src/ASF/common/components/display/st7565r/st7565r.o
 .debug_macro   0x000012b5     0x6271 src/ASF/common/components/display/st7565r/st7565r.o
 .debug_macro   0x00007526       0x9a src/ASF/common/components/display/st7565r/st7565r.o
 .debug_macro   0x000075c0       0xf1 src/ASF/common/components/display/st7565r/st7565r.o
 .debug_macro   0x000076b1       0x34 src/ASF/common/components/display/st7565r/st7565r.o
 .debug_macro   0x000076e5       0x16 src/ASF/common/components/display/st7565r/st7565r.o
 .debug_macro   0x000076fb       0x18 src/ASF/common/components/display/st7565r/st7565r.o
 .debug_macro   0x00007713       0x5e src/ASF/common/components/display/st7565r/st7565r.o
 .debug_macro   0x00007771       0x10 src/ASF/common/components/display/st7565r/st7565r.o
 .debug_macro   0x00007781       0x22 src/ASF/common/components/display/st7565r/st7565r.o
 .debug_macro   0x000077a3      0x16d src/ASF/common/components/display/st7565r/st7565r.o
 .debug_macro   0x00007910       0x1c src/ASF/common/components/display/st7565r/st7565r.o
 .debug_macro   0x0000792c       0x35 src/ASF/common/components/display/st7565r/st7565r.o
 .debug_macro   0x00007961       0x66 src/ASF/common/components/display/st7565r/st7565r.o
 .debug_macro   0x000079c7      0x708 src/ASF/common/components/display/st7565r/st7565r.o
 .debug_macro   0x000080cf       0x96 src/ASF/common/components/display/st7565r/st7565r.o
 .debug_macro   0x00008165       0x17 src/ASF/common/components/display/st7565r/st7565r.o
 .debug_macro   0x0000817c      0x250 src/ASF/common/components/display/st7565r/st7565r.o
 .debug_macro   0x000083cc       0x76 src/ASF/common/components/display/st7565r/st7565r.o
 .debug_macro   0x00008442       0x16 src/ASF/common/components/display/st7565r/st7565r.o
 .debug_macro   0x00008458      0x6d9 src/ASF/common/components/display/st7565r/st7565r.o
 .debug_macro   0x00008b31       0x10 src/ASF/common/components/display/st7565r/st7565r.o
 .debug_macro   0x00008b41      0x175 src/ASF/common/components/display/st7565r/st7565r.o
 .debug_macro   0x00008cb6       0x40 src/ASF/common/components/display/st7565r/st7565r.o
 .debug_macro   0x00008cf6       0x69 src/ASF/common/components/display/st7565r/st7565r.o
 .debug_macro   0x00008d5f       0x31 src/ASF/common/components/display/st7565r/st7565r.o
 .debug_macro   0x00008d90       0xe4 src/ASF/common/components/display/st7565r/st7565r.o
 .debug_macro   0x00008e74       0x22 src/ASF/common/components/display/st7565r/st7565r.o
 .debug_macro   0x00008e96      0x2d8 src/ASF/common/components/display/st7565r/st7565r.o
 .debug_macro   0x0000916e      0x2ff src/ASF/common/components/display/st7565r/st7565r.o
 .debug_macro   0x0000946d       0x79 src/ASF/common/components/display/st7565r/st7565r.o
 .debug_macro   0x000094e6       0x2f src/ASF/common/components/display/st7565r/st7565r.o
 .debug_macro   0x00009515      0x154 src/ASF/common/components/display/st7565r/st7565r.o
 .debug_macro   0x00009669       0x82 src/ASF/common/components/display/st7565r/st7565r.o
 .debug_macro   0x000096eb      0x102 src/ASF/common/components/display/st7565r/st7565r.o
 .debug_macro   0x000097ed       0x28 src/ASF/common/components/display/st7565r/st7565r.o
 .debug_macro   0x00009815       0x22 src/ASF/common/components/display/st7565r/st7565r.o
 .debug_macro   0x00009837       0x3a src/ASF/common/components/display/st7565r/st7565r.o
 .debug_macro   0x00009871       0xf6 src/ASF/common/components/display/st7565r/st7565r.o
 .debug_macro   0x00009967       0x34 src/ASF/common/components/display/st7565r/st7565r.o
 .debug_macro   0x0000999b       0x2e src/ASF/common/components/display/st7565r/st7565r.o
 .debug_macro   0x000099c9      0x2ba src/ASF/common/services/gfx_mono/gfx_mono_c12832_a1z.o
 .debug_macro   0x00009c83       0x75 src/ASF/common/services/gfx_mono/gfx_mono_c12832_a1z.o
 .debug_macro   0x00009cf8       0x88 src/ASF/common/services/gfx_mono/gfx_mono_c12832_a1z.o
 .debug_macro   0x00009d80      0x22f src/ASF/xmega/drivers/adc/adc.o
 .debug_macro   0x00009faf       0x10 src/ASF/xmega/drivers/adc/adc.o
 .debug_macro   0x00009fbf       0x20 src/ASF/xmega/drivers/adc/adc.o
 .debug_macro   0x00009fdf       0x10 src/ASF/xmega/drivers/adc/adc.o
 .debug_macro   0x00009fef       0x42 src/ASF/xmega/drivers/adc/adc.o
 .debug_macro   0x0000a031       0xe3 src/ASF/xmega/drivers/adc/adc.o
 .debug_macro   0x0000a114      0x225 src/ASF/xmega/drivers/tc/tc.o
 .debug_macro   0x0000a339      0x302 src/ASF/xmega/drivers/tc/tc.o
 .debug_macro   0x0000a63b       0x12 src/ASF/xmega/drivers/tc/tc.o
 .debug_macro   0x0000a64d      0x22f src/ASF/xmega/drivers/adc/xmega_aau/adc_aau.o
 .debug_macro   0x0000a87c      0x1a3 src/ASF/common/services/sleepmgr/xmega/sleepmgr.o
 .debug_macro   0x0000aa1f      0x221 src/ASF/xmega/drivers/usart/usart.o
 .debug_macro   0x0000ac40      0x234 src/ASF/common/services/spi/xmega_usart_spi/usart_spi.o
 .debug_macro   0x0000ae74      0x2ae src/ASF/common/services/gfx_mono/gfx_mono_framebuffer.o
 .debug_macro   0x0000b122      0x2ae src/ASF/common/services/gfx_mono/gfx_mono_generic.o
 .debug_macro   0x0000b3d0      0x1db src/ASF/common/services/clock/xmega/sysclk.o
 .debug_macro   0x0000b5ab       0x26 src/ASF/common/services/clock/xmega/sysclk.o
 .debug_macro   0x0000b5d1      0x2d5 src/ASF/common/services/gfx_mono/gfx_mono_text.o
 .debug_macro   0x0000b8a6       0xaa src/ASF/common/services/gfx_mono/gfx_mono_text.o
 .debug_macro   0x0000b950      0x2db src/ASF/common/services/gfx_mono/sysfont.o
 .debug_macro   0x0000bc2b       0x3a src/ASF/common/services/gfx_mono/sysfont.o
 .debug_macro   0x0000bc65      0x193 src/ASF/common/services/ioport/xmega/ioport_compat.o
 .debug_macro   0x0000bdf8      0x1b5 src/ASF/xmega/boards/xmega_a3bu_xplained/init.o
 .debug_macro   0x0000bfad       0x2e src/ASF/xmega/boards/xmega_a3bu_xplained/init.o
 .debug_macro   0x0000bfdb      0x2d2 src/ASF/xmega/boards/xmega_a3bu_xplained/init.o
 .debug_macro   0x0000c2ad      0x3f3 src/main.o
 .debug_macro   0x0000c6a0       0x40 src/main.o
 .debug_macro   0x0000c6e0       0xd6 src/main.o
 .debug_macro   0x0000c7b6       0x34 src/main.o
 .debug_macro   0x0000c7ea       0x16 src/main.o
 .debug_macro   0x0000c800       0x46 src/main.o
 .debug_macro   0x0000c846       0x18 src/main.o
 .debug_macro   0x0000c85e       0x1c src/main.o
 .debug_macro   0x0000c87a       0x58 src/main.o
 .debug_macro   0x0000c8d2       0x10 src/main.o
 .debug_macro   0x0000c8e2       0xf2 src/main.o
OUTPUT(UTS.elf elf32-avr)
LOAD linker stubs

.BOOT           0x00040000        0x0
